;/////////////////////////////////////////////////////////////////////////////////
;// Code Generator: BoostC Compiler - http://www.sourceboost.com
;// Version       : 7.03
;// License Type  : Pro License
;// Limitations   : PIC12,PIC16 max code size:Unlimited, max RAM banks:Unlimited
;/////////////////////////////////////////////////////////////////////////////////

	ORG 0x00000000
0000  28E6  	GOTO	_startup
	ORG 0x00000004
0004  00FF  	MOVWF Int1Context
0005  0E03  	SWAPF STATUS, W
0006  1283  	BCF STATUS, RP0
0007  1303  	BCF STATUS, RP1
0008  00B4  	MOVWF Int1BContext
0009  0E0A  	SWAPF PCLATH, W
000A  00B5  	MOVWF Int1BContext+D'1'
000B  0E04  	SWAPF FSR, W
000C  00B6  	MOVWF Int1BContext+D'2'
000D  118A  	BCF PCLATH,3
000E  120A  	BCF PCLATH,4
000F  290E  	GOTO	interrupt
	ORG 0x00000010
0010        main
0010        ; { main ; function begin
0010  3007  	MOVLW 0x07
0011  1683  	BSF STATUS, RP0
0012  1303  	BCF STATUS, RP1
0013  009F  	MOVWF gbl_adcon1
0014  30C0  	MOVLW 0xC0
0015  0081  	MOVWF gbl_option_reg
0016  0187  	CLRF gbl_trisc
0017  1283  	BCF STATUS, RP0
0018  0187  	CLRF gbl_portc
0019  01C3  	CLRF gbl_FCV_ENABLE
001A  01C6  	CLRF gbl_FCV_INPUT1
001B  01C7  	CLRF gbl_FCV_INPUT2
001C  3001  	MOVLW 0x01
001D  00C5  	MOVWF gbl_FCV_LEFT
001E  00C4  	MOVWF gbl_FCV_RIGHT
001F  00C2  	MOVWF gbl_FCV_STOP
0020        label1
0020  3001  	MOVLW 0x01
0021  1683  	BSF STATUS, RP0
0022  0405  	IORWF gbl_trisa, W
0023  0085  	MOVWF gbl_trisa
0024  3001  	MOVLW 0x01
0025  1283  	BCF STATUS, RP0
0026  0505  	ANDWF gbl_porta, W
0027  00CC  	MOVWF CompTempVar2198
0028  01CD  	CLRF CompTempVar2199
0029  034C  	DECF CompTempVar2198, W
002A  1903  	BTFSC STATUS,Z
002B  0ACD  	INCF CompTempVar2199, F
002C  084D  	MOVF CompTempVar2199, W
002D  00C4  	MOVWF gbl_FCV_RIGHT
002E  01C9  	CLRF CompTempVar2195
002F  0AC9  	INCF CompTempVar2195, F
0030  08C4  	MOVF gbl_FCV_RIGHT, F
0031  1D03  	BTFSS STATUS,Z
0032  1049  	BCF CompTempVar2195,0
0033  01C8  	CLRF CompTempVar2194
0034  0345  	DECF gbl_FCV_LEFT, W
0035  1903  	BTFSC STATUS,Z
0036  0AC8  	INCF CompTempVar2194, F
0037  0848  	MOVF CompTempVar2194, W
0038  0549  	ANDWF CompTempVar2195, W
0039  1903  	BTFSC STATUS,Z
003A  2875  	GOTO	label7
003B  3001  	MOVLW 0x01
003C  00C3  	MOVWF gbl_FCV_ENABLE
003D  00C6  	MOVWF gbl_FCV_INPUT1
003E  01C7  	CLRF gbl_FCV_INPUT2
003F  30FE  	MOVLW 0xFE
0040  1683  	BSF STATUS, RP0
0041  0507  	ANDWF gbl_trisc, W
0042  0087  	MOVWF gbl_trisc
0043  1283  	BCF STATUS, RP0
0044  08C3  	MOVF gbl_FCV_ENABLE, F
0045  1903  	BTFSC STATUS,Z
0046  284E  	GOTO	label2
0047  30FE  	MOVLW 0xFE
0048  0507  	ANDWF gbl_portc, W
0049  00CC  	MOVWF CompTempVar2200
004A  3001  	MOVLW 0x01
004B  044C  	IORWF CompTempVar2200, W
004C  0087  	MOVWF gbl_portc
004D  2851  	GOTO	label3
004E        label2
004E  30FE  	MOVLW 0xFE
004F  0507  	ANDWF gbl_portc, W
0050  0087  	MOVWF gbl_portc
0051        label3
0051  30FD  	MOVLW 0xFD
0052  1683  	BSF STATUS, RP0
0053  0507  	ANDWF gbl_trisc, W
0054  0087  	MOVWF gbl_trisc
0055  1283  	BCF STATUS, RP0
0056  08C6  	MOVF gbl_FCV_INPUT1, F
0057  1903  	BTFSC STATUS,Z
0058  2860  	GOTO	label4
0059  30FD  	MOVLW 0xFD
005A  0507  	ANDWF gbl_portc, W
005B  00CC  	MOVWF CompTempVar2201
005C  3002  	MOVLW 0x02
005D  044C  	IORWF CompTempVar2201, W
005E  0087  	MOVWF gbl_portc
005F  2863  	GOTO	label5
0060        label4
0060  30FD  	MOVLW 0xFD
0061  0507  	ANDWF gbl_portc, W
0062  0087  	MOVWF gbl_portc
0063        label5
0063  30FB  	MOVLW 0xFB
0064  1683  	BSF STATUS, RP0
0065  0507  	ANDWF gbl_trisc, W
0066  0087  	MOVWF gbl_trisc
0067  1283  	BCF STATUS, RP0
0068  08C7  	MOVF gbl_FCV_INPUT2, F
0069  1903  	BTFSC STATUS,Z
006A  2872  	GOTO	label6
006B  30FB  	MOVLW 0xFB
006C  0507  	ANDWF gbl_portc, W
006D  00CC  	MOVWF CompTempVar2202
006E  3004  	MOVLW 0x04
006F  044C  	IORWF CompTempVar2202, W
0070  0087  	MOVWF gbl_portc
0071  2875  	GOTO	label7
0072        label6
0072  30FB  	MOVLW 0xFB
0073  0507  	ANDWF gbl_portc, W
0074  0087  	MOVWF gbl_portc
0075        label7
0075  3004  	MOVLW 0x04
0076  1683  	BSF STATUS, RP0
0077  0405  	IORWF gbl_trisa, W
0078  0085  	MOVWF gbl_trisa
0079  3004  	MOVLW 0x04
007A  1283  	BCF STATUS, RP0
007B  0505  	ANDWF gbl_porta, W
007C  00CC  	MOVWF CompTempVar2203
007D  01CD  	CLRF CompTempVar2204
007E  3004  	MOVLW 0x04
007F  024C  	SUBWF CompTempVar2203, W
0080  1903  	BTFSC STATUS,Z
0081  0ACD  	INCF CompTempVar2204, F
0082  084D  	MOVF CompTempVar2204, W
0083  00C2  	MOVWF gbl_FCV_STOP
0084  08C2  	MOVF gbl_FCV_STOP, F
0085  1D03  	BTFSS STATUS,Z
0086  288E  	GOTO	label8
0087  01C3  	CLRF gbl_FCV_ENABLE
0088  01C6  	CLRF gbl_FCV_INPUT1
0089  01C7  	CLRF gbl_FCV_INPUT2
008A  1683  	BSF STATUS, RP0
008B  0187  	CLRF gbl_trisc
008C  1283  	BCF STATUS, RP0
008D  0187  	CLRF gbl_portc
008E        label8
008E  3002  	MOVLW 0x02
008F  1683  	BSF STATUS, RP0
0090  0405  	IORWF gbl_trisa, W
0091  0085  	MOVWF gbl_trisa
0092  3002  	MOVLW 0x02
0093  1283  	BCF STATUS, RP0
0094  0505  	ANDWF gbl_porta, W
0095  00CC  	MOVWF CompTempVar2205
0096  01CD  	CLRF CompTempVar2206
0097  3002  	MOVLW 0x02
0098  024C  	SUBWF CompTempVar2205, W
0099  1903  	BTFSC STATUS,Z
009A  0ACD  	INCF CompTempVar2206, F
009B  084D  	MOVF CompTempVar2206, W
009C  00C5  	MOVWF gbl_FCV_LEFT
009D  01CB  	CLRF CompTempVar2197
009E  0ACB  	INCF CompTempVar2197, F
009F  08C5  	MOVF gbl_FCV_LEFT, F
00A0  1D03  	BTFSS STATUS,Z
00A1  104B  	BCF CompTempVar2197,0
00A2  01CA  	CLRF CompTempVar2196
00A3  0344  	DECF gbl_FCV_RIGHT, W
00A4  1903  	BTFSC STATUS,Z
00A5  0ACA  	INCF CompTempVar2196, F
00A6  084A  	MOVF CompTempVar2196, W
00A7  054B  	ANDWF CompTempVar2197, W
00A8  1903  	BTFSC STATUS,Z
00A9  2820  	GOTO	label1
00AA  3001  	MOVLW 0x01
00AB  00C3  	MOVWF gbl_FCV_ENABLE
00AC  01C6  	CLRF gbl_FCV_INPUT1
00AD  3001  	MOVLW 0x01
00AE  00C7  	MOVWF gbl_FCV_INPUT2
00AF  30FE  	MOVLW 0xFE
00B0  1683  	BSF STATUS, RP0
00B1  0507  	ANDWF gbl_trisc, W
00B2  0087  	MOVWF gbl_trisc
00B3  1283  	BCF STATUS, RP0
00B4  08C3  	MOVF gbl_FCV_ENABLE, F
00B5  1903  	BTFSC STATUS,Z
00B6  28BE  	GOTO	label9
00B7  30FE  	MOVLW 0xFE
00B8  0507  	ANDWF gbl_portc, W
00B9  00CC  	MOVWF CompTempVar2207
00BA  3001  	MOVLW 0x01
00BB  044C  	IORWF CompTempVar2207, W
00BC  0087  	MOVWF gbl_portc
00BD  28C1  	GOTO	label10
00BE        label9
00BE  30FE  	MOVLW 0xFE
00BF  0507  	ANDWF gbl_portc, W
00C0  0087  	MOVWF gbl_portc
00C1        label10
00C1  30FD  	MOVLW 0xFD
00C2  1683  	BSF STATUS, RP0
00C3  0507  	ANDWF gbl_trisc, W
00C4  0087  	MOVWF gbl_trisc
00C5  1283  	BCF STATUS, RP0
00C6  08C6  	MOVF gbl_FCV_INPUT1, F
00C7  1903  	BTFSC STATUS,Z
00C8  28D0  	GOTO	label11
00C9  30FD  	MOVLW 0xFD
00CA  0507  	ANDWF gbl_portc, W
00CB  00CC  	MOVWF CompTempVar2208
00CC  3002  	MOVLW 0x02
00CD  044C  	IORWF CompTempVar2208, W
00CE  0087  	MOVWF gbl_portc
00CF  28D3  	GOTO	label12
00D0        label11
00D0  30FD  	MOVLW 0xFD
00D1  0507  	ANDWF gbl_portc, W
00D2  0087  	MOVWF gbl_portc
00D3        label12
00D3  30FB  	MOVLW 0xFB
00D4  1683  	BSF STATUS, RP0
00D5  0507  	ANDWF gbl_trisc, W
00D6  0087  	MOVWF gbl_trisc
00D7  1283  	BCF STATUS, RP0
00D8  08C7  	MOVF gbl_FCV_INPUT2, F
00D9  1903  	BTFSC STATUS,Z
00DA  28E2  	GOTO	label13
00DB  30FB  	MOVLW 0xFB
00DC  0507  	ANDWF gbl_portc, W
00DD  00CC  	MOVWF CompTempVar2209
00DE  3004  	MOVLW 0x04
00DF  044C  	IORWF CompTempVar2209, W
00E0  0087  	MOVWF gbl_portc
00E1  2820  	GOTO	label1
00E2        label13
00E2  30FB  	MOVLW 0xFB
00E3  0507  	ANDWF gbl_portc, W
00E4  0087  	MOVWF gbl_portc
00E5  2820  	GOTO	label1
00E6        ; } main function end

	ORG 0x000000E6
00E6        _startup
00E6  30D5  	MOVLW 0xD5
00E7  1283  	BCF STATUS, RP0
00E8  1303  	BCF STATUS, RP1
00E9  00A0  	MOVWF gbl_14_LSR
00EA  30C4  	MOVLW 0xC4
00EB  00A1  	MOVWF gbl_14_LSR+D'1'
00EC  30BB  	MOVLW 0xBB
00ED  00A2  	MOVWF gbl_14_LSR+D'2'
00EE  30DC  	MOVLW 0xDC
00EF  00A3  	MOVWF gbl_14_LSR+D'3'
00F0  01A4  	CLRF gbl_15_gbl_aSig
00F1  01A5  	CLRF gbl_15_gbl_aSig+D'1'
00F2  01A6  	CLRF gbl_15_gbl_aSig+D'2'
00F3  01A7  	CLRF gbl_15_gbl_aSig+D'3'
00F4  01A8  	CLRF gbl_15_gbl_bSig
00F5  01A9  	CLRF gbl_15_gbl_bSig+D'1'
00F6  01AA  	CLRF gbl_15_gbl_bSig+D'2'
00F7  01AB  	CLRF gbl_15_gbl_bSig+D'3'
00F8  01AC  	CLRF gbl_15_gbl_zSig
00F9  01AD  	CLRF gbl_15_gbl_zSig+D'1'
00FA  01AE  	CLRF gbl_15_gbl_zSig+D'2'
00FB  01AF  	CLRF gbl_15_gbl_zSig+D'3'
00FC  01BC  	CLRF gbl_15_gbl_aExp
00FD  01BD  	CLRF gbl_15_gbl_bExp
00FE  01B7  	CLRF gbl_15_gbl_zExp
00FF  01B8  	CLRF gbl_15_gbl_zExp+D'1'
0100  01BE  	CLRF gbl_15_gbl_aSign
0101  01BF  	CLRF gbl_15_gbl_bSign
0102  01C0  	CLRF gbl_15_gbl_zSign
0103  01C1  	CLRF gbl_15_gbl_zSigZero
0104  01B0  	CLRF gbl_15_gbl_ret
0105  01B1  	CLRF gbl_15_gbl_ret+D'1'
0106  01B2  	CLRF gbl_15_gbl_ret+D'2'
0107  01B3  	CLRF gbl_15_gbl_ret+D'3'
0108  01BA  	CLRF gbl_float_rounding_mode
0109  01BB  	CLRF gbl_float_exception_flags
010A  01B9  	CLRF gbl_float_detect_tininess
010B  118A  	BCF PCLATH,3
010C  120A  	BCF PCLATH,4
010D  2810  	GOTO	main
	ORG 0x0000010E
010E        interrupt
010E        ; { interrupt ; function begin
010E  1283  	BCF STATUS, RP0
010F  1303  	BCF STATUS, RP1
0110  0E36  	SWAPF Int1BContext+D'2', W
0111  0084  	MOVWF FSR
0112  0E35  	SWAPF Int1BContext+D'1', W
0113  008A  	MOVWF PCLATH
0114  0E34  	SWAPF Int1BContext, W
0115  0083  	MOVWF STATUS
0116  0EFF  	SWAPF Int1Context, F
0117  0E7F  	SWAPF Int1Context, W
0118  0009  	RETFIE
0119        ; } interrupt function end

	ORG 0x00002007
2007  3F7A  	DW 0x3F7A
